Archive member included to satisfy reference by file (symbol)

c:/program files/microchip/xc8/v2.31/avr/bin/../lib/gcc/avr/5.4.0/avrxmega3/short-calls\libgcc.a(_exit.o)
                              C:/Program Files/Microchip/xc8/v2.31/dfp/xc8/avr/lib/avrxmega3/short-calls/crtattiny412.o (exit)
c:/program files/microchip/xc8/v2.31/avr/bin/../lib/gcc/avr/5.4.0/avrxmega3/short-calls\libgcc.a(_copy_data.o)
                              build/Release/debug/_ext/1472/main.o (__do_copy_data)
c:/program files/microchip/xc8/v2.31/avr/bin/../lib/gcc/avr/5.4.0/avrxmega3/short-calls\libgcc.a(_umulhisi3.o)
                              build/Release/debug/_ext/1472/main.o (__umulhisi3)

Discarded input sections

 .data          0x0000000000000000        0x0 C:/Program Files/Microchip/xc8/v2.31/dfp/xc8/avr/lib/avrxmega3/short-calls/crtattiny412.o
 .bss           0x0000000000000000        0x0 C:/Program Files/Microchip/xc8/v2.31/dfp/xc8/avr/lib/avrxmega3/short-calls/crtattiny412.o
 .text          0x0000000000000000        0x0 build/Release/debug/_ext/1472/main.o
 .data          0x0000000000000000        0x0 build/Release/debug/_ext/1472/main.o
 .bss           0x0000000000000000        0x0 build/Release/debug/_ext/1472/main.o
 .text.transmit_test_4
                0x0000000000000000       0x5c build/Release/debug/_ext/1472/main.o
 .text.transmit_test_1
                0x0000000000000000        0xa build/Release/debug/_ext/1472/main.o
 .text.transmit_test_2
                0x0000000000000000        0xa build/Release/debug/_ext/1472/main.o
 .text.transmit_test_3
                0x0000000000000000        0xa build/Release/debug/_ext/1472/main.o
 .text.generate_test_data
                0x0000000000000000       0x24 build/Release/debug/_ext/1472/main.o
 .text.generate_4thOfJuly_pattern
                0x0000000000000000       0x74 build/Release/debug/_ext/1472/main.o
 .text.generate_Halloween_pattern
                0x0000000000000000       0x4c build/Release/debug/_ext/1472/main.o
 .data.test_table
                0x0000000000000000        0x8 build/Release/debug/_ext/1472/main.o
 .bss.test_mode
                0x0000000000000000        0x1 build/Release/debug/_ext/1472/main.o
 .text          0x0000000000000000        0x0 c:/program files/microchip/xc8/v2.31/avr/bin/../lib/gcc/avr/5.4.0/avrxmega3/short-calls\libgcc.a(_exit.o)
 .data          0x0000000000000000        0x0 c:/program files/microchip/xc8/v2.31/avr/bin/../lib/gcc/avr/5.4.0/avrxmega3/short-calls\libgcc.a(_exit.o)
 .bss           0x0000000000000000        0x0 c:/program files/microchip/xc8/v2.31/avr/bin/../lib/gcc/avr/5.4.0/avrxmega3/short-calls\libgcc.a(_exit.o)
 .text.libgcc.mul
                0x0000000000000000        0x0 c:/program files/microchip/xc8/v2.31/avr/bin/../lib/gcc/avr/5.4.0/avrxmega3/short-calls\libgcc.a(_exit.o)
 .text.libgcc.div
                0x0000000000000000        0x0 c:/program files/microchip/xc8/v2.31/avr/bin/../lib/gcc/avr/5.4.0/avrxmega3/short-calls\libgcc.a(_exit.o)
 .text.libgcc   0x0000000000000000        0x0 c:/program files/microchip/xc8/v2.31/avr/bin/../lib/gcc/avr/5.4.0/avrxmega3/short-calls\libgcc.a(_exit.o)
 .text.libgcc.prologue
                0x0000000000000000        0x0 c:/program files/microchip/xc8/v2.31/avr/bin/../lib/gcc/avr/5.4.0/avrxmega3/short-calls\libgcc.a(_exit.o)
 .text.libgcc.builtins
                0x0000000000000000        0x0 c:/program files/microchip/xc8/v2.31/avr/bin/../lib/gcc/avr/5.4.0/avrxmega3/short-calls\libgcc.a(_exit.o)
 .text.libgcc.fmul
                0x0000000000000000        0x0 c:/program files/microchip/xc8/v2.31/avr/bin/../lib/gcc/avr/5.4.0/avrxmega3/short-calls\libgcc.a(_exit.o)
 .text.libgcc.fixed
                0x0000000000000000        0x0 c:/program files/microchip/xc8/v2.31/avr/bin/../lib/gcc/avr/5.4.0/avrxmega3/short-calls\libgcc.a(_exit.o)
 .text          0x0000000000000000        0x0 c:/program files/microchip/xc8/v2.31/avr/bin/../lib/gcc/avr/5.4.0/avrxmega3/short-calls\libgcc.a(_copy_data.o)
 .data          0x0000000000000000        0x0 c:/program files/microchip/xc8/v2.31/avr/bin/../lib/gcc/avr/5.4.0/avrxmega3/short-calls\libgcc.a(_copy_data.o)
 .bss           0x0000000000000000        0x0 c:/program files/microchip/xc8/v2.31/avr/bin/../lib/gcc/avr/5.4.0/avrxmega3/short-calls\libgcc.a(_copy_data.o)
 .text.libgcc.mul
                0x0000000000000000        0x0 c:/program files/microchip/xc8/v2.31/avr/bin/../lib/gcc/avr/5.4.0/avrxmega3/short-calls\libgcc.a(_copy_data.o)
 .text.libgcc.div
                0x0000000000000000        0x0 c:/program files/microchip/xc8/v2.31/avr/bin/../lib/gcc/avr/5.4.0/avrxmega3/short-calls\libgcc.a(_copy_data.o)
 .text.libgcc   0x0000000000000000        0x0 c:/program files/microchip/xc8/v2.31/avr/bin/../lib/gcc/avr/5.4.0/avrxmega3/short-calls\libgcc.a(_copy_data.o)
 .text.libgcc.prologue
                0x0000000000000000        0x0 c:/program files/microchip/xc8/v2.31/avr/bin/../lib/gcc/avr/5.4.0/avrxmega3/short-calls\libgcc.a(_copy_data.o)
 .text.libgcc.builtins
                0x0000000000000000        0x0 c:/program files/microchip/xc8/v2.31/avr/bin/../lib/gcc/avr/5.4.0/avrxmega3/short-calls\libgcc.a(_copy_data.o)
 .text.libgcc.fmul
                0x0000000000000000        0x0 c:/program files/microchip/xc8/v2.31/avr/bin/../lib/gcc/avr/5.4.0/avrxmega3/short-calls\libgcc.a(_copy_data.o)
 .text.libgcc.fixed
                0x0000000000000000        0x0 c:/program files/microchip/xc8/v2.31/avr/bin/../lib/gcc/avr/5.4.0/avrxmega3/short-calls\libgcc.a(_copy_data.o)
 .text          0x0000000000000000        0x0 c:/program files/microchip/xc8/v2.31/avr/bin/../lib/gcc/avr/5.4.0/avrxmega3/short-calls\libgcc.a(_umulhisi3.o)
 .data          0x0000000000000000        0x0 c:/program files/microchip/xc8/v2.31/avr/bin/../lib/gcc/avr/5.4.0/avrxmega3/short-calls\libgcc.a(_umulhisi3.o)
 .bss           0x0000000000000000        0x0 c:/program files/microchip/xc8/v2.31/avr/bin/../lib/gcc/avr/5.4.0/avrxmega3/short-calls\libgcc.a(_umulhisi3.o)
 .text.libgcc.mul
                0x0000000000000000       0x18 c:/program files/microchip/xc8/v2.31/avr/bin/../lib/gcc/avr/5.4.0/avrxmega3/short-calls\libgcc.a(_umulhisi3.o)
 .text.libgcc.div
                0x0000000000000000        0x0 c:/program files/microchip/xc8/v2.31/avr/bin/../lib/gcc/avr/5.4.0/avrxmega3/short-calls\libgcc.a(_umulhisi3.o)
 .text.libgcc   0x0000000000000000        0x0 c:/program files/microchip/xc8/v2.31/avr/bin/../lib/gcc/avr/5.4.0/avrxmega3/short-calls\libgcc.a(_umulhisi3.o)
 .text.libgcc.prologue
                0x0000000000000000        0x0 c:/program files/microchip/xc8/v2.31/avr/bin/../lib/gcc/avr/5.4.0/avrxmega3/short-calls\libgcc.a(_umulhisi3.o)
 .text.libgcc.builtins
                0x0000000000000000        0x0 c:/program files/microchip/xc8/v2.31/avr/bin/../lib/gcc/avr/5.4.0/avrxmega3/short-calls\libgcc.a(_umulhisi3.o)
 .text.libgcc.fmul
                0x0000000000000000        0x0 c:/program files/microchip/xc8/v2.31/avr/bin/../lib/gcc/avr/5.4.0/avrxmega3/short-calls\libgcc.a(_umulhisi3.o)
 .text.libgcc.fixed
                0x0000000000000000        0x0 c:/program files/microchip/xc8/v2.31/avr/bin/../lib/gcc/avr/5.4.0/avrxmega3/short-calls\libgcc.a(_umulhisi3.o)

Memory Configuration

Name             Origin             Length             Attributes
text             0x0000000000000000 0x0000000000001000 xr
data             0x0000000000803f00 0x0000000000000100 rw !x
eeprom           0x0000000000810000 0x0000000000000080 rw !x
fuse             0x0000000000820000 0x000000000000000a rw !x
lock             0x0000000000830000 0x0000000000000400 rw !x
signature        0x0000000000840000 0x0000000000000400 rw !x
user_signatures  0x0000000000850000 0x0000000000000400 rw !x
*default*        0x0000000000000000 0xffffffffffffffff

Linker script and memory map

Address of section .data set to 0x803f00
                0x0000000000008000                __RODATA_PM_OFFSET__ = 0x8000
LOAD C:/Program Files/Microchip/xc8/v2.31/dfp/xc8/avr/lib/avrxmega3/short-calls/crtattiny412.o
                0x0000000000000001                __MPLAB_BUILD = 0x1
LOAD build/Release/debug/_ext/1472/main.o
START GROUP
LOAD c:/program files/microchip/xc8/v2.31/avr/bin/../lib/gcc/avr/5.4.0/../../../../avr/lib/avrxmega3/short-calls\libm.a
LOAD c:/program files/microchip/xc8/v2.31/avr/bin/../lib/gcc/avr/5.4.0/../../../../avr/lib/avrxmega3/short-calls\libm.a
END GROUP
                0x0000000000000001                __MPLAB_DEBUG = 0x1
                0x0000000000000001                __DEBUG = 0x1
START GROUP
LOAD c:/program files/microchip/xc8/v2.31/avr/bin/../lib/gcc/avr/5.4.0/avrxmega3/short-calls\libgcc.a
LOAD c:/program files/microchip/xc8/v2.31/avr/bin/../lib/gcc/avr/5.4.0/../../../../avr/lib/avrxmega3/short-calls\libm.a
LOAD c:/program files/microchip/xc8/v2.31/avr/bin/../lib/gcc/avr/5.4.0/../../../../avr/lib/avrxmega3/short-calls\libc.a
LOAD C:/Program Files/Microchip/xc8/v2.31/dfp/xc8/avr/lib/avrxmega3/short-calls\libattiny412.a
END GROUP
                [0x0000000000000000]                __TEXT_REGION_ORIGIN__ = DEFINED (__TEXT_REGION_ORIGIN__)?__TEXT_REGION_ORIGIN__:0x0
                [0x0000000000803f00]                __DATA_REGION_ORIGIN__ = DEFINED (__DATA_REGION_ORIGIN__)?__DATA_REGION_ORIGIN__:0x802000
                [0x0000000000001000]                __TEXT_REGION_LENGTH__ = DEFINED (__TEXT_REGION_LENGTH__)?__TEXT_REGION_LENGTH__:0x100000
                [0x0000000000000100]                __DATA_REGION_LENGTH__ = DEFINED (__DATA_REGION_LENGTH__)?__DATA_REGION_LENGTH__:0xffa0
                [0x0000000000000080]                __EEPROM_REGION_LENGTH__ = DEFINED (__EEPROM_REGION_LENGTH__)?__EEPROM_REGION_LENGTH__:0x10000
                [0x000000000000000a]                __FUSE_REGION_LENGTH__ = DEFINED (__FUSE_REGION_LENGTH__)?__FUSE_REGION_LENGTH__:0x400
                0x0000000000000400                __LOCK_REGION_LENGTH__ = DEFINED (__LOCK_REGION_LENGTH__)?__LOCK_REGION_LENGTH__:0x400
                0x0000000000000400                __SIGNATURE_REGION_LENGTH__ = DEFINED (__SIGNATURE_REGION_LENGTH__)?__SIGNATURE_REGION_LENGTH__:0x400
                0x0000000000000400                __USER_SIGNATURE_REGION_LENGTH__ = DEFINED (__USER_SIGNATURE_REGION_LENGTH__)?__USER_SIGNATURE_REGION_LENGTH__:0x400
                0x0000000000008000                __RODATA_PM_OFFSET__ = DEFINED (__RODATA_PM_OFFSET__)?__RODATA_PM_OFFSET__:0x8000

.hash
 *(.hash)

.dynsym
 *(.dynsym)

.dynstr
 *(.dynstr)

.gnu.version
 *(.gnu.version)

.gnu.version_d
 *(.gnu.version_d)

.gnu.version_r
 *(.gnu.version_r)

.rel.init
 *(.rel.init)

.rela.init
 *(.rela.init)

.rel.text
 *(.rel.text)
 *(.rel.text.*)
 *(.rel.gnu.linkonce.t*)

.rela.text
 *(.rela.text)
 *(.rela.text.*)
 *(.rela.gnu.linkonce.t*)

.rel.fini
 *(.rel.fini)

.rela.fini
 *(.rela.fini)

.rel.rodata
 *(.rel.rodata)
 *(.rel.rodata.*)
 *(.rel.gnu.linkonce.r*)

.rela.rodata
 *(.rela.rodata)
 *(.rela.rodata.*)
 *(.rela.gnu.linkonce.r*)

.rel.data
 *(.rel.data)
 *(.rel.data.*)
 *(.rel.gnu.linkonce.d*)

.rela.data
 *(.rela.data)
 *(.rela.data.*)
 *(.rela.gnu.linkonce.d*)

.rel.ctors
 *(.rel.ctors)

.rela.ctors
 *(.rela.ctors)

.rel.dtors
 *(.rel.dtors)

.rela.dtors
 *(.rela.dtors)

.rel.got
 *(.rel.got)

.rela.got
 *(.rela.got)

.rel.bss
 *(.rel.bss)

.rela.bss
 *(.rela.bss)

.rel.plt
 *(.rel.plt)

.rela.plt
 *(.rela.plt)

.text           0x0000000000000000       0x8a
 *(.vectors)
 .vectors       0x0000000000000000       0x34 C:/Program Files/Microchip/xc8/v2.31/dfp/xc8/avr/lib/avrxmega3/short-calls/crtattiny412.o
                0x0000000000000000                __vector_default
                0x0000000000000000                __vectors
 *(.vectors)
 *(.progmem.gcc*)
 *(.dinit)
 .dinit         0x0000000000000034        0x5 data_init
                0x000000000000003a                . = ALIGN (0x2)
 *fill*         0x0000000000000039        0x1 
                0x000000000000003a                __trampolines_start = .
 *(.trampolines)
 .trampolines   0x000000000000003a        0x0 linker stubs
 *(.trampolines*)
                0x000000000000003a                __trampolines_end = .
 *libprintf_flt.a:*(.progmem.data)
 *libc.a:*(.progmem.data)
                0x000000000000003a                . = ALIGN (0x2)
 *(.jumptables)
 *(.jumptables*)
 *(.lowtext)
 *(.lowtext*)
                0x000000000000003a                __ctors_start = .
 *(.ctors)
                0x000000000000003a                __ctors_end = .
                0x000000000000003a                __dtors_start = .
 *(.dtors)
                0x000000000000003a                __dtors_end = .
 SORT(*)(.ctors)
 SORT(*)(.dtors)
 *(.init0)
 .init0         0x000000000000003a        0x0 C:/Program Files/Microchip/xc8/v2.31/dfp/xc8/avr/lib/avrxmega3/short-calls/crtattiny412.o
                0x000000000000003a                __init
 *(.init0)
 *(.init1)
 *(.init1)
 *(.init2)
 .init2         0x000000000000003a        0xc C:/Program Files/Microchip/xc8/v2.31/dfp/xc8/avr/lib/avrxmega3/short-calls/crtattiny412.o
 *(.init2)
 *(.init3)
 *(.init3)
 *(.init4)
 .init4         0x0000000000000046       0x3c c:/program files/microchip/xc8/v2.31/avr/bin/../lib/gcc/avr/5.4.0/avrxmega3/short-calls\libgcc.a(_copy_data.o)
                0x0000000000000046                __do_copy_data
                0x0000000000000074                __do_clear_bss
 *(.init4)
 *(.init5)
 *(.init5)
 *(.init6)
 *(.init6)
 *(.init7)
 *(.init7)
 *(.init8)
 *(.init8)
 *(.init9)
 .init9         0x0000000000000082        0x4 C:/Program Files/Microchip/xc8/v2.31/dfp/xc8/avr/lib/avrxmega3/short-calls/crtattiny412.o
 *(.init9)
                0x0000000000000086                . = ALIGN (0x2)
 *(.fini9)
 .fini9         0x0000000000000086        0x0 c:/program files/microchip/xc8/v2.31/avr/bin/../lib/gcc/avr/5.4.0/avrxmega3/short-calls\libgcc.a(_exit.o)
                0x0000000000000086                _exit
                0x0000000000000086                exit
 *(.fini9)
 *(.fini8)
 *(.fini8)
 *(.fini7)
 *(.fini7)
 *(.fini6)
 *(.fini6)
 *(.fini5)
 *(.fini5)
 *(.fini4)
 *(.fini4)
 *(.fini3)
 *(.fini3)
 *(.fini2)
 *(.fini2)
 *(.fini1)
 *(.fini1)
 *(.fini0)
 .fini0         0x0000000000000086        0x4 c:/program files/microchip/xc8/v2.31/avr/bin/../lib/gcc/avr/5.4.0/avrxmega3/short-calls\libgcc.a(_exit.o)
 *(.fini0)
                0x000000000000008a                _etext = .

.data           0x0000000000803f00        0x0 load address 0x000000000000008a
                [!provide]                        PROVIDE (__data_start, .)
 *(.gnu.linkonce.d*)
                0x0000000000803f00                . = ALIGN (0x2)
                0x0000000000803f00                _edata = .
                [!provide]                        PROVIDE (__data_end, .)

.bss            0x0000000000803f00        0x0
                [!provide]                        PROVIDE (__bss_start, .)
 *(COMMON)
                [!provide]                        PROVIDE (__bss_end, .)
                0x000000000000008a                __data_load_start = LOADADDR (.data)
                0x000000000000008a                __data_load_end = (__data_load_start + SIZEOF (.data))

.noinit         0x0000000000803f00        0x0
                [!provide]                        PROVIDE (__noinit_start, .)
 *(.noinit*)
                [!provide]                        PROVIDE (__noinit_end, .)
                0x0000000000803f00                _end = .

.eeprom         0x0000000000810000        0x0
 *(.eeprom*)
                0x0000000000810000                __eeprom_end = .

.fuse
 *(.fuse)
 *(.lfuse)
 *(.hfuse)
 *(.efuse)

.lock
 *(.lock*)

.signature
 *(.signature*)

.user_signatures
 *(.user_signatures*)

.stab
 *(.stab)

.stabstr
 *(.stabstr)

.stab.excl
 *(.stab.excl)

.stab.exclstr
 *(.stab.exclstr)

.stab.index
 *(.stab.index)

.stab.indexstr
 *(.stab.indexstr)

.comment        0x0000000000000000       0x2f
 *(.comment)
 .comment       0x0000000000000000       0x2f build/Release/debug/_ext/1472/main.o
                                         0x30 (size before relaxing)

.note.gnu.build-id
 *(.note.gnu.build-id)

.debug
 *(.debug)

.line
 *(.line)

.debug_srcinfo
 *(.debug_srcinfo)

.debug_sfnames
 *(.debug_sfnames)

.debug_aranges  0x0000000000000000       0x98
 *(.debug_aranges)
 .debug_aranges
                0x0000000000000000       0x98 build/Release/debug/_ext/1472/main.o

.debug_pubnames
 *(.debug_pubnames)

.debug_info     0x0000000000000000     0x22f4
 *(.debug_info .gnu.linkonce.wi.*)
 .debug_info    0x0000000000000000     0x1410 C:/Program Files/Microchip/xc8/v2.31/dfp/xc8/avr/lib/avrxmega3/short-calls/crtattiny412.o
 .debug_info    0x0000000000001410      0xee4 build/Release/debug/_ext/1472/main.o

.debug_abbrev   0x0000000000000000     0x1532
 *(.debug_abbrev)
 .debug_abbrev  0x0000000000000000     0x12fa C:/Program Files/Microchip/xc8/v2.31/dfp/xc8/avr/lib/avrxmega3/short-calls/crtattiny412.o
 .debug_abbrev  0x00000000000012fa      0x238 build/Release/debug/_ext/1472/main.o

.debug_line     0x0000000000000000      0x5bf
 *(.debug_line .debug_line.* .debug_line_end)
 .debug_line    0x0000000000000000      0x136 C:/Program Files/Microchip/xc8/v2.31/dfp/xc8/avr/lib/avrxmega3/short-calls/crtattiny412.o
 .debug_line    0x0000000000000136      0x489 build/Release/debug/_ext/1472/main.o

.debug_frame    0x0000000000000000      0x17c
 *(.debug_frame)
 .debug_frame   0x0000000000000000      0x17c build/Release/debug/_ext/1472/main.o

.debug_str      0x0000000000000000      0x8bb
 *(.debug_str)
 .debug_str     0x0000000000000000      0x89b C:/Program Files/Microchip/xc8/v2.31/dfp/xc8/avr/lib/avrxmega3/short-calls/crtattiny412.o
 .debug_str     0x000000000000089b       0x20 build/Release/debug/_ext/1472/main.o

.debug_loc      0x0000000000000000      0x2c4
 *(.debug_loc)
 .debug_loc     0x0000000000000000      0x2c4 build/Release/debug/_ext/1472/main.o

.debug_macinfo
 *(.debug_macinfo)

.debug_weaknames
 *(.debug_weaknames)

.debug_funcnames
 *(.debug_funcnames)

.debug_typenames
 *(.debug_typenames)

.debug_varnames
 *(.debug_varnames)

.debug_pubtypes
 *(.debug_pubtypes)

.debug_ranges   0x0000000000000000       0xa0
 *(.debug_ranges)
 .debug_ranges  0x0000000000000000       0xa0 build/Release/debug/_ext/1472/main.o

.debug_macro
 *(.debug_macro)
OUTPUT(dist/Release/debug/t412-LED-test-driver.X.debug.elf elf32-avr)
LOAD linker stubs
LOAD data_init

.note.gnu.avr.deviceinfo
                0x0000000000000000       0x3c
 .note.gnu.avr.deviceinfo
                0x0000000000000000       0x3c C:/Program Files/Microchip/xc8/v2.31/dfp/xc8/avr/lib/avrxmega3/short-calls/crtattiny412.o

.bss.offset     0x0000000000803f00        0x1
 .bss.offset    0x0000000000803f00        0x1 build/Release/debug/_ext/1472/main.o
                0x0000000000803f00                offset

.text.generate_Christmas_pattern
                0x000000000000008a       0x4c
 .text.generate_Christmas_pattern
                0x000000000000008a       0x4c build/Release/debug/_ext/1472/main.o
                0x000000000000008a                generate_Christmas_pattern

.text.main      0x00000000000000d6       0x3c
 .text.main     0x00000000000000d6       0x3c build/Release/debug/_ext/1472/main.o
                0x00000000000000d6                main

.text.transmit_single_color
                0x0000000000000112       0x2e
 .text.transmit_single_color
                0x0000000000000112       0x2e build/Release/debug/_ext/1472/main.o
                0x0000000000000112                transmit_single_color

.text.transmit_single_led
                0x0000000000000140       0x2c
 .text.transmit_single_led
                0x0000000000000140       0x2c build/Release/debug/_ext/1472/main.o
                0x0000000000000140                transmit_single_led

.text.transmit_one_light
                0x000000000000016c       0x2c
 .text.transmit_one_light
                0x000000000000016c       0x2c build/Release/debug/_ext/1472/main.o
                0x000000000000016c                transmit_one_light

.text.init_usart
                0x0000000000000198       0x22
 .text.init_usart
                0x0000000000000198       0x22 build/Release/debug/_ext/1472/main.o
                0x0000000000000198                init_usart

.text.transmit_led_count
                0x00000000000001ba       0x20
 .text.transmit_led_count
                0x00000000000001ba       0x20 build/Release/debug/_ext/1472/main.o
                0x00000000000001ba                transmit_led_count

.text.init_clk  0x00000000000001da       0x10
 .text.init_clk
                0x00000000000001da       0x10 build/Release/debug/_ext/1472/main.o
                0x00000000000001da                init_clk

.text.transmit_warm_white
                0x00000000000001ea        0xa
 .text.transmit_warm_white
                0x00000000000001ea        0xa build/Release/debug/_ext/1472/main.o
                0x00000000000001ea                transmit_warm_white

.text           0x00000000000001f4        0x2
 .text          0x00000000000001f4        0x2 C:/Program Files/Microchip/xc8/v2.31/dfp/xc8/avr/lib/avrxmega3/short-calls/crtattiny412.o
                0x00000000000001f4                __vector_22
                0x00000000000001f4                __vector_1
                0x00000000000001f4                __vector_24
                0x00000000000001f4                __vector_12
                0x00000000000001f4                __bad_interrupt
                0x00000000000001f4                __vector_6
                0x00000000000001f4                __vector_3
                0x00000000000001f4                __vector_23
                0x00000000000001f4                __vector_25
                0x00000000000001f4                __vector_11
                0x00000000000001f4                __vector_13
                0x00000000000001f4                __vector_17
                0x00000000000001f4                __vector_19
                0x00000000000001f4                __vector_7
                0x00000000000001f4                __vector_5
                0x00000000000001f4                __vector_4
                0x00000000000001f4                __vector_9
                0x00000000000001f4                __vector_2
                0x00000000000001f4                __vector_21
                0x00000000000001f4                __vector_15
                0x00000000000001f4                __vector_8
                0x00000000000001f4                __vector_14
                0x00000000000001f4                __vector_10
                0x00000000000001f4                __vector_16
                0x00000000000001f4                __vector_18
                0x00000000000001f4                __vector_20
